##############################################################################
#                                                                            #
# IAR AT90S C-Compiler V1.30A/WIN                                            #
#                                                                            #
#       Internal versions FE4.40D CO1.10K CG1.30A GL1.06I CD1.04A            #
#                         AF1.25A AB1.30A EB1.30A                            #
#                                                                            #
#       Compile time  =  21/Jan/1999  11:31:19                               #
#       Target option =  Max 64 KB data +   8 KB code (8515 4414...)         #
#       Memory model  =  small                                               #
#       Source file   =  c:\projects\at17c8515\timer1.c                      #
#       List file     =  c:\projects\at17c8515\debug\list\timer1.lst         #
#       Object file   =  c:\projects\at17c8515\debug\obj\timer1.r90          #
#       Command line  =  -v1 -ms -OC:\Projects\at17c8515\Debug\Obj\ -e -gA   #
#                        -RCODE -r0e -LC:\Projects\at17c8515\Debug\List\ -q  #
#                        -t8 -IC:\IAR\EW21\A90\inc\ -K                       #
#                        C:\Projects\at17c8515\Timer1.c                      #
#                                                                            #
#                                             (c) Copyright IAR Systems 1997 #
##############################################################################

   \                     	NAME	timer1(17)
   \                     	RSEG	CODE(0)
   \                     	COMMON	INTVEC(0)
   \                     	PUBLIC	TIMER1_OVF1_interrupt
   \                     	EXTERN	t1_timed_out
   \                     	EXTERN	?CL1S_1_30_L08
   \                     	RSEG	CODE
   \                     TIMER1_OVF1_interrupt:
      1          // timer 1 timer
      2          
      3          #include "at17c.h"
      4          
      5          extern volatile unsigned char t1_timed_out;
      6                      
      7          interrupt [TIMER1_OVF1_vect] void TIMER1_OVF1_interrupt(void) {
   \   00000000   0A93                       ST      -Y,R16
   \   00000002   EA93                       ST      -Y,R30
   \   00000004   FA93                       ST      -Y,R31
   \   00000006   FFB7                       IN      R31,LOW(63)
   \   00000008   FA93                       ST      -Y,R31
      8                                 
      9              t1_timed_out = TRUE;
   \   0000000A   0FEF                       LDI     R16,255
   \   0000000C   0093....                   STS     LWRD(t1_timed_out),R16
     10          
     11          }
   \   00000010   F991                       LD      R31,Y+
   \   00000012   FFBF                       OUT     LOW(63),R31
   \   00000014   F991                       LD      R31,Y+
   \   00000016   E991                       LD      R30,Y+
   \   00000018   0991                       LD      R16,Y+
   \   0000001A   1895                       RETI    
     12                      
     13          
   \                     	COMMON	INTVEC
   \                     	DS	12
   \                     	RJMP	TIMER1_OVF1_interrupt
   \                     	END

Source file: c:\projects\at17c8515\timer1.c
Errors: none
Warnings: none
Code size: 28
Constant size: 14
Static variable size: 0

